# 磁盘操作命令
```
1 查看磁盘情况
fdisk -l

2 删除分区
fdisk /dev/sdb
m 帮助
d 删除分区
n 新建分区
w 写入分区表并退出   
记得一定要w

3、格式化分区
mkfs. (format)，例如格式化为fat格式，输入如下命令：

mkfs.vfat -L labelname /dev/sdb1
# -L 是可选的，为U盘重新命名
/dev/sdb1 是设备名

Windows下，格式是ntfs,但是Linux默认不支持ntgs，如果需要，则
pacman -S ntfs-3g
mkfs.ntfs -Q -F -L labelname /dev/sdb1
现在将U盘格式化为ntfs格式了，可以在Windows下使用了。

4、临时挂载
mount /dev/sdb1

5、卸载
unmount /dev/sdb1

6、blkid 查看分区的UUID（编号），记下，永久挂载要用

7、永久挂载
gedit /etc/fstab
将上面的UUID号，填写上
reboot
```

# linux下查看磁盘分区的文件系统格式
```
df -T 只可以查看已经挂载的分区和文件系统类型。

Filesystem Type 1K-blocks Used Available Use% Mounted on
/dev/sda1 ext4 20642428 3698868 15894984 19% /
tmpfs tmpfs 32947160 0 32947160 0% /dev/shm

fdisk -l 可以显示出所有挂载和未挂载的分区，但不显示文件系统类型。

parted -l 可以查看未挂载的文件系统类型，以及哪些分区尚未格式化。

Model: LSI MR9240-8i (scsi)
Disk /dev/sda: 299GB
Sector size (logical/physical): 512B/512B
Partition Table: msdos

Number Start End Size Type File system Flags
1 1049kB 21.5GB 21.5GB primary ext4 boot
2 21.5GB 25.8GB 4295MB primary linux-swap(v1)
3 25.8GB 299GB 274GB primary ext4

lsblk -f 也可以查看未挂载的文件系统类型。

NAME FSTYPE LABEL UUID MOUNTPOINT
sda
|-sda1 ext4 c4f338b7-13b4-48d2-9a09-8c12194a3e95 /
|-sda2 swap 21ead8d0-411f-4c23-bdca-642643aa234b [SWAP]
`-sda3 ext4 2872b14e-45va-461e-8667-43a6f04b7bc9

file -s /dev/sda3

/dev/sda3: Linux rev 1.0 ext4 filesystem data (needs journal recovery) (extents) (large files) (huge files)
```